apiVersion: v1
data: {}
kind: Secret
metadata:
  annotations: {}
  labels:
    name: admin-credentials-minio
  name: admin-credentials-minio
  namespace: syn-minio
stringData:
  accesskey: t-silent-test-1234/c-green-test-1234/minio/minio-accesskey
  secretkey: t-silent-test-1234/c-green-test-1234/minio/minio-secretkey
type: Opaque
