apiVersion: v1
kind: Service
metadata:
  labels:
    app: minio
    chart: minio-5.0.13
    heritage: Helm
    monitoring: 'true'
    release: minio-minio
  name: minio-minio
spec:
  ports:
    - name: http
      port: 9000
      protocol: TCP
      targetPort: 9000
  selector:
    app: minio
    release: minio-minio
  type: ClusterIP
