apiVersion: v1
data: {}
kind: Secret
metadata:
  annotations: {}
  labels:
    name: admin-credentials-minio
  name: admin-credentials-minio
  namespace: syn-minio
stringData:
  rootPassword: FooBar@123
  rootUser: admin
type: Opaque
