apiVersion: apps/v1
kind: Deployment
metadata:
  labels:
    app: minio
    chart: minio-8.0.10
    heritage: Helm
    release: minio-minio
  name: minio-minio
spec:
  replicas: 2
  selector:
    matchLabels:
      app: minio
      release: minio-minio
  strategy:
    rollingUpdate:
      maxSurge: 100%
      maxUnavailable: 0
    type: RollingUpdate
  template:
    metadata:
      annotations:
        checksum/config: 14f96892927201d16c835c7eb16986b4224e9fa83084790b8ffd12468ee018a7
        checksum/secrets: 01ba4719c80b6fe911b091a7c05124b64eeece964e09c058ef8f9805daca546b
      labels:
        app: minio
        release: minio-minio
      name: minio-minio
    spec:
      containers:
        - command:
            - /bin/sh
            - -ce
            - /usr/bin/docker-entrypoint.sh minio -S /etc/minio/certs/ gateway azure
          env:
            - name: MINIO_ACCESS_KEY
              valueFrom:
                secretKeyRef:
                  key: accesskey
                  name: admin-credentials-minio
            - name: MINIO_SECRET_KEY
              valueFrom:
                secretKeyRef:
                  key: secretkey
                  name: admin-credentials-minio
          image: minio/minio:RELEASE.2021-02-14T04-01-33Z
          imagePullPolicy: IfNotPresent
          name: minio
          ports:
            - containerPort: 9000
              name: http
          resources:
            requests:
              memory: 500Mi
          volumeMounts: null
      serviceAccountName: minio-minio
      volumes:
        - name: minio-user
          secret:
            secretName: admin-credentials-minio
