apiVersion: rbac.authorization.k8s.io/v1
kind: Role
metadata:
  labels:
    app: minio-update-prometheus-secret
    chart: minio-8.0.10
    heritage: Helm
    release: minio-minio
  name: minio-minio-update-prometheus-secret
rules:
  - apiGroups:
      - ''
    resourceNames:
      - minio-minio-prometheus
    resources:
      - secrets
    verbs:
      - get
      - create
      - update
      - patch
  - apiGroups:
      - ''
    resources:
      - secrets
    verbs:
      - create
  - apiGroups:
      - monitoring.coreos.com
    resourceNames:
      - minio-minio
    resources:
      - servicemonitors
    verbs:
      - get
