apiVersion: v1
kind: ServiceAccount
metadata:
  labels:
    app: minio
    chart: minio-8.0.0
    release: minio-minio
  name: minio-minio
  namespace: syn-minio
